[waterclimatediscussion.html]
[residualchlorine.html]
[wcd2022.html]
[markdown-merge.html]
[wcd2024.html]
[wcd2021.html]
[mwht-platinum-sponsor.html]
[actionpledges.html]
[call-to-action-drafting.html]
[videosubmissions.html]
[wcd3-holding.html]
[action-pledges.html]
[call-to-action.html]
[images/apple-touch-icon.png]
[favicon-32x32.png]
[favicon-16x16.png]
[backblue.gif]
[fade.gif]
[index.html]
[media/file_180days/andeye/73295/1623840034216_wcd.jpg]
[css/main.css]
[js/logjserror.js]
[js/minnitpage.js]
[wp-content/uploads/2020/10/jeremy-bishop-1braZySlEKA-unsplash.jpg]
[2044/report.pdf]
[2024/report.pdf]
[MWHT-Platinum-Sponsor-2.html]
[media/file_180days/andeye/113624/1633083079430_MWHT.png]
[media/file_permanent_andeye/113624/1702131737438/AmyboNeedsALogoB500.png]
[media/file_180days/andeye/113624/1617276073335_IChemElogo.jpg]
[media/file_180days/andeye/113624/1617275892286_RSClogo.png]
[fad2jv7zb.html]
[media/file_180days/andeye/113624/1617276047216_InstituteofWaterLogo.png]
[media/file_180days/andeye/113624/1617276004314_IWAlogo.png]
[media/file_180days/andeye/113624/1617279798470_SocEnvlogo.png]
[media/file_180days/andeye/73295/1617279407401_WaterAidLogo2019.png]
[wcd2022/report.pdf]
[WCD2022-2.html]
[media/file_180days/andeye/113624/1669999937170_WCD2022tiles.jpg]
[WaterClimateDiscussion-2.html]
[WCD2022/report.pdf]
[media/file_180days/andeye/113624/166999427861_WCD2022reportTiles.jpg]
[media/file_180days/andeye/113624/1669241556420_WCD2022Survey.jpg]
[media/file_180days/andeye/113624/1666942861478_AqueumLogo.jpg]
[media/file_180days/andeye/113624/1631126788378_Trant.png]
[wcd-next.html]
[water-climate-hierarchy.html]
[call-to-action/report.pdf]
[water-climate-next.html]
[cop26live.html]
[cop26finance/report.pdf]
[cop26transport/report.pdf]
[cop26energy/report.pdf]
[cop26nature/report.pdf]
[cop26adaptation/report.pdf]
[media/file_180days/andeye/113624/1631652242392_HeidiMottram.jpg]
[media/file_180days/andeye/113624/1631651865422_CateLamb.jpg]
[media/file_180days/andeye/113624/1631647889165_KathrynPharr.jpg]
[media/file_180days/andeye/113624/1631646701256_PiersClark.jpg]
[media/file_180days/andeye/113624/1631645979435_KalaVairavamoorthy.jpg]
[media/file_180days/andeye/113624/1639234426346_TrevorBishop.jpg]
[media/file_180days/andeye/73295/1625099032341_annacrisp.jpg]
[media/file_180days/andeye/73295/1620749877302_katharinecross.jpg]
[media/file_180days/andeye/113624/1639234493408_LucienDamiba.jpg]
[media/file_180days/andeye/73295/1620739588256_amandalake.jpg]
[media/file_180days/andeye/73295/162091360954_samlarsen.jpg]
[media/file_180days/andeye/73295/16209134446_jodierettino.jpg]
[media/file_180days/andeye/73295/1624924263382_frankrogalla.jpg]
[media/file_180days/andeye/73295/1623068064181_johnsammon.jpg]
[media/file_180days/andeye/73295/1625597114459_alansutherland.jpg]
[media/file_180days/andeye/73295/1625741479105_jacobtomkins.jpg]
[media/file_180days/andeye/73295/1623138532318_ivanvoelund.jpg]
[media/file_180days/andeye/113624/1639234372454_AndrewRoby.jpg]
[media/file_180days/andeye/73295/1636651371169_nathanialmatthews.jpg]
[media/file_180days/andeye/73295/1636717589378_grahamalabaster.jpg]
[media/file_180days/andeye/73295/163665154992_emmawilcox.jpg]
[media/file_180days/andeye/73295/163671696781_martinbaxter.jpg]
[media/file_180days/andeye/73295/1636717274358_ianbarker.jpg]
[media/file_180days/andeye/113624/1639234465318_MartinCurrie.jpg]
[media/file_180days/andeye/113624/1617275975463_WUKlogoTealRGB.png]
[media/file_180days/andeye/113624/1617275927417_BritishWaterLogo.jpg]
[media/file_180days/andeye/73295/16226468449_fwa.png]
[media/file_180days/andeye/73295/161891760875_RSBposlogoRGB.jpg]
[media/file_180days/andeye/113624/1617277756272_icemasterlogoog.jpg]
[media/file_180days/andeye/113624/163308306243_Hach.png]
[media/file_180days/andeye/113624/1631125841358_Jacobs.png]
[media/file_180days/andeye/113624/1631127481343_RHDHV.png]
[media/file_180days/andeye/113624/1631127711477_Wizso.png]
[media/file_180days/andeye/113624/1631706046420_Unisense.png]
[GET.6a.delayed]
[waterclimatediscussion.html]
[media/file_180days_andeye/113624/168140475659/ResidualChlorineDebatepostcard.jpg]
[media/file_180days/andeye/113624/1680989361215_Cl21800x600.jpg]
[ResidualChlorine-2.html]
[media/file_permanent_andeye/113624/1687189664459/JeniJanMartinResidualChlorinationDebate.jpg]
[media/file_180days/andeye/113624/1679552753286_JeniColbourne.jpg]
[media/file_180days/andeye/113624/1679552811417_JanVreeburg.jpg]
[media/file_permanent_andeye/113624/1683029071215/JobyBoxall.jpg]
[media/file_permanent_andeye/113624/1683029339391/RayMcMillan.jpg]
[media/file_permanent_andeye/113624/1683029378105/JimGraham.jpg]
[residualchlorine.html]
[wcd2022.html]
[markdown-merge.html]
[LinkedInComments.html]
[media/file_permanent_andeye/113624/1728555151456/London2044.webp]
[WaterClimateDiscussion-3.html]
[media/file_permanent_andeye/113624/1729782880256/AmandaLake.jpg]
[media/file_permanent_andeye/113624/1729776536446/LauraRoviraAlsina.jpg]
[media/file_permanent_andeye/113624/1729776490213/DanielaBemfica.jpg]
[media/file_permanent_andeye/113624/172977657075/MarkSmith.jpg]
[media/file_permanent_andeye/113624/1729776046380/AnaMijic.jpg]
[media/file_permanent_andeye/113624/1729776599404/SimonSpooner.jpg]
[media/file_permanent_andeye/113624/1729776634409/StephenKennedy.jpg]
[media/file_permanent_andeye/113624/172977666795/TomWilliams.jpg]
[wcd2024.html]
[wcd2021.html]
[mwht-platinum-sponsor.html]
[cdn-cgi/l/email-protection.html]
[cdn-cgi/scripts/5c5dd728/cloudflare-static/email-decode.min.js]
[actionpledges.html]
[call-to-action-drafting.html]
[media/file_180days/andeye/113624/1665005246490_WCDVideoContributionGuide2022.pdf]
[videosubmissions.html]
[survey.html]
[wcd3-holding.html]
[action-pledges.html]
[call-to-action.html]
[call-to-action-translated.html]
[images/logo.ab.delayed]
[css/main.css]
[2044/report.html]
[2024/report.html]
[MWHT-Platinum-Sponsor-2.html]
[fad2jv7zb.html]
[wcd2022/report.html]
[WCD2022-2.html]
[WaterClimateDiscussion-2.html]
[WCD2022/report-2.html]
[apple-touch-icon.png]
[media/file_180days/andeye/113624/1636626151145_COP26WaterPavilion.png]
[site.webmanifest]
[login-with-linkedin.html]
[images/GrowChat.svg]
[images/SlimChat.svg]
[images/HideChat-purple.svg]
[images/ShowChatRollover.svg]
[wcd-next.html]
[water-climate-hierarchy.html]
[call-to-action/report.html]
[water-climate-next.html]
[cop26live.html]
[cop26finance/report.html]
[cop26transport/report.html]
[cop26energy/report.html]
[cop26nature/report.html]
[cop26adaptation/report.html]
[GET.html]
[ResidualChlorine-2.html]
[terms/index.html]
[LinkedInComments.html]
[WaterClimateDiscussion-3.html]
[cdn-cgi/l/email-protection.html]
[survey.html]
[recorder.html]
[call-to-action-translated.html]
[images/logo.html]
[sharedtree/61a62c20f2eff838962e7ffa.html]
[login-with-linkedin.html]
[images/GrowChat.svg]
[images/SlimChat.svg]
[images/HideChat-purple.svg]
[images/ShowChatRollover.svg]
[sharedtree/6170d09d80a6781baca9bf6b.html]
[sharedtree/619cc903f2eff838962e7ff5.html]
[sharedtree/61816f8d3e206329c6c6ebed.html]
[respond/61099db59a86841439a48c58.html]
[sharedtree/618dd858e5853136a5ae9216.html]
[oembed.html]
