[wcd.andeye.com/waterclimatediscussion.html]
[wcd.andeye.com/residualchlorine.html]
[wcd.andeye.com/wcd2022.html]
[wcd.andeye.com/markdown-merge.html]
[wcd.andeye.com/wcd2024.html]
[wcd.andeye.com/wcd2021.html]
[wcd.andeye.com/mwht-plat]
[wcd.andeye.com/images/apple-touch-icon.png]
[wcd.andeye.com/favicon-32x32.png]
[wcd.andeye.com/favicon-16x16.png]
[backblue.gif]
[fade.gif]
[index.html]
[cdn.andeye.com/media/file_180days/andeye/73295/1623840034216_wcd.jpg]
[wcd.andeye.com/css/mainab81.css]
[wcd.andeye.com/js/logjserror0864.js]
[wcd.andeye.com/js/minnitpage5c65.js]
[www.andeye.com/wp-content/uploads/2020/10/jeremy-bishop-1braZySlEKA-unsplash.jpg]
[wcd.andeye.com/2044/report.pdf]
[wcd.andeye.com/2024/report.pdf]
[wcd.andeye.com/MWHT-Platinum-Sponsor.html]
[cdn.andeye.com/media/file_180days/andeye/113624/1633083079430_MWHT.png]
[cdn.andeye.com/media/file_permanent_andeye/113624/1702131737438/AmyboNeedsALogoB500.png]
[video.andeye.com/fad2jv7zb74ba.html]
[cdn.andeye.com/media/file_180days/andeye/113624/1617276073335_IChemElogo.jpg]
[cdn.andeye.com/media/file_180days/andeye/113624/1617275892286_RSClogo.png]
[cdn.andeye.com/media/file_180days/andeye/113624/1617276047216_InstituteofWaterLogo.png]
[cdn.andeye.com/media/file_180days/andeye/113624/1617276004314_IWAlogo.png]
[cdn.andeye.com/media/file_180days/andeye/113624/1617279798470_SocEnvlogo.png]
[cdn.andeye.com/media/file_180days/andeye/73295/1617279407401_WaterAidLogo2019.png]
[wcd.andeye.com/wcd2022/report.pdf]
[wcd.andeye.com/WCD2022-2.html]
[cdn.andeye.com/media/file_180days/andeye/113624/1669999937170_WCD2022tiles.jpg]
[wcd.andeye.com/WaterClimateDiscussion-2.html]
[wcd.andeye.com/WCD2022/report.pdf]
[cdn.andeye.com/media/file_180days/andeye/113624/166999427861_WCD2022reportTiles.jpg]
[cdn.andeye.com/media/file_180days/andeye/113624/1669241556420_WCD2022Survey.jpg]
[cdn.andeye.com/media/file_180days/andeye/113624/1666942861478_AqueumLogo.jpg]
[cdn.andeye.com/media/file_180days/andeye/113624/1631126788378_Trant.png]
[wcd.andeye.com/wcd-next.html]
[wcd.andeye.com/water-climate-hierarchy.html]
[wcd.andeye.com/call-to-action.html]
[wcd.andeye.com/actionpledges.html]
[wcd.andeye.com/call-to-action/report.pdf]
[wcd.andeye.com/water-climate-next.html]
[wcd.andeye.com/cop26live.html]
[wcd.andeye.com/cop26finance/report.pdf]
[wcd.andeye.com/cop26transport/report.pdf]
[wcd.andeye.com/cop26energy/report.pdf]
[wcd.andeye.com/cop26nature/report.pdf]
[wcd.andeye.com/cop26adaptation/report.pdf]
[cdn.andeye.com/media/file_180days/andeye/113624/1631652242392_HeidiMottram.jpg]
[cdn.andeye.com/media/file_180days/andeye/113624/1631651865422_CateLamb.jpg]
[cdn.andeye.com/media/file_180days/andeye/113624/1631647889165_KathrynPharr.jpg]
[cdn.andeye.com/media/file_180days/andeye/113624/1631646701256_PiersClark.jpg]
[cdn.andeye.com/media/file_180days/andeye/113624/1631645979435_KalaVairavamoorthy.jpg]
[cdn.andeye.com/media/file_180days/andeye/113624/1639234426346_TrevorBishop.jpg]
[cdn.andeye.com/media/file_180days/andeye/73295/1625099032341_annacrisp.jpg]
[cdn.andeye.com/media/file_180days/andeye/73295/1620749877302_katharinecross.jpg]
[cdn.andeye.com/media/file_180days/andeye/113624/1639234493408_LucienDamiba.jpg]
[cdn.andeye.com/media/file_180days/andeye/73295/1620739588256_amandalake.jpg]
[cdn.andeye.com/media/file_180days/andeye/73295/162091360954_samlarsen.jpg]
[cdn.andeye.com/media/file_180days/andeye/73295/16209134446_jodierettino.jpg]
[cdn.andeye.com/media/file_180days/andeye/73295/1624924263382_frankrogalla.jpg]
[cdn.andeye.com/media/file_180days/andeye/73295/1623068064181_johnsammon.jpg]
[cdn.andeye.com/media/file_180days/andeye/73295/1625597114459_alansutherland.jpg]
[cdn.andeye.com/media/file_180days/andeye/73295/1625741479105_jacobtomkins.jpg]
[cdn.andeye.com/media/file_180days/andeye/73295/1623138532318_ivanvoelund.jpg]
[cdn.andeye.com/media/file_180days/andeye/113624/1639234372454_AndrewRoby.jpg]
[cdn.andeye.com/media/file_180days/andeye/73295/1636651371169_nathanialmatthews.jpg]
[cdn.andeye.com/media/file_180days/andeye/73295/1636717589378_grahamalabaster.jpg]
[cdn.andeye.com/media/file_180days/andeye/73295/163665154992_emmawilcox.jpg]
[cdn.andeye.com/media/file_180days/andeye/73295/163671696781_martinbaxter.jpg]
[cdn.andeye.com/media/file_180days/andeye/73295/1636717274358_ianbarker.jpg]
[cdn.andeye.com/media/file_180days/andeye/113624/1639234465318_MartinCurrie.jpg]
[cdn.andeye.com/media/file_180days/andeye/113624/1617275975463_WUKlogoTealRGB.png]
[cdn.andeye.com/media/file_180days/andeye/113624/1617275927417_BritishWaterLogo.jpg]
[cdn.andeye.com/media/file_180days/andeye/73295/16226468449_fwa.png]
[cdn.andeye.com/media/file_180days/andeye/73295/161891760875_RSBposlogoRGB.jpg]
[cdn.andeye.com/media/file_180days/andeye/113624/1617277756272_icemasterlogoog.jpg]
[cdn.andeye.com/media/file_180days/andeye/113624/163308306243_Hach.png]
[cdn.andeye.com/media/file_180days/andeye/113624/1631125841358_Jacobs.png]
[cdn.andeye.com/media/file_180days/andeye/113624/1631127481343_RHDHV.png]
[cdn.andeye.com/media/file_180days/andeye/113624/1631127711477_Wizso.png]
[cdn.andeye.com/media/file_180days/andeye/113624/1631706046420_Unisense.png]
[wcd.andeye.com/GET.66.delayed]
[wcd.andeye.com/waterclimatediscussion.html]
[cdn.andeye.com/media/file_180days_andeye/113624/168140475659/ResidualChlorineDebatepostcard.jpg]
[cdn.andeye.com/media/file_180days/andeye/113624/1680989361215_Cl21800x600.jpg]
[wcd.andeye.com/ResidualChlorine-2.html]
[cdn.andeye.com/media/file_permanent_andeye/113624/1687189664459/JeniJanMartinResidualChlorinationDebate.jpg]
[cdn.andeye.com/media/file_180days/andeye/113624/1679552753286_JeniColbourne.jpg]
[cdn.andeye.com/media/file_180days/andeye/113624/1679552811417_JanVreeburg.jpg]
[cdn.andeye.com/media/file_permanent_andeye/113624/1683029071215/JobyBoxall.jpg]
[cdn.andeye.com/media/file_permanent_andeye/113624/1683029339391/RayMcMillan.jpg]
[cdn.andeye.com/media/file_permanent_andeye/113624/1683029378105/JimGraham.jpg]
[wcd.andeye.com/residualchlorine.html]
[wcd.andeye.com/wcd2022.html]
[wcd.andeye.com/markdown-merge.html]
[wcd.andeye.com/LinkedInComments.html]
[wcd.andeye.com/WaterClimateDiscussion-3.html]
[cdn.andeye.com/media/file_permanent_andeye/113624/1728555151456/London2044.webp]
[cdn.andeye.com/media/file_permanent_andeye/113624/1729782880256/AmandaLake.jpg]
[cdn.andeye.com/media/file_permanent_andeye/113624/1729776536446/LauraRoviraAlsina.jpg]
[cdn.andeye.com/media/file_permanent_andeye/113624/1729776490213/DanielaBemfica.jpg]
[cdn.andeye.com/media/file_permanent_andeye/113624/172977657075/MarkSmith.jpg]
[cdn.andeye.com/media/file_permanent_andeye/113624/1729776046380/AnaMijic.jpg]
[cdn.andeye.com/media/file_permanent_andeye/113624/1729776599404/SimonSpooner.jpg]
[cdn.andeye.com/media/file_permanent_andeye/113624/1729776634409/StephenKennedy.jpg]
[cdn.andeye.com/media/file_permanent_andeye/113624/172977666795/TomWilliams.jpg]
[wcd.andeye.com/wcd2024.html]
[wcd.andeye.com/wcd2021.html]
[wcd.andeye.com/images/logo.svg]
[wcd.andeye.com/css/mainab81.css]
[wcd.andeye.com/2044/report.html]
[wcd.andeye.com/2024/report.html]
[wcd.andeye.com/MWHT-Platinum-Sponsor.html]
[video.andeye.com/fad2jv7zb74ba.html]
[wcd.andeye.com/wcd2022/report.html]
[wcd.andeye.com/WCD2022-2.html]
[wcd.andeye.com/WaterClimateDiscussion-2.html]
[wcd.andeye.com/WCD2022/report-2.html]
[wcd.andeye.com/apple-touch-icon.png]
[cdn.andeye.com/media/file_180days/andeye/113624/1636626151145_COP26WaterPavilion.png]
[wcd.andeye.com/site.webmanifest]
[wcd.andeye.com/login-with-linkedin.html]
[wcd.andeye.com/images/GrowChat.svg]
[wcd.andeye.com/images/SlimChat.svg]
[wcd.andeye.com/images/HideChat-purple.svg]
[isle.andeye.com/images/ShowChatRollover.svg]
[wcd.andeye.com/wcd-next.html]
[wcd.andeye.com/water-climate-hierarchy.html]
[wcd.andeye.com/call-to-action.html]
[wcd.andeye.com/call-to-action-translated.html]
[wcd.andeye.com/cdn-cgi/l/email-protection]
[wcd.andeye.com/cdn-cgi/scripts/5c5dd728/cloudflare-static/email-decode.min.js]
[wcd.andeye.com/actionpledges.html]
[wcd.andeye.com/call-to-action/report.html]
[wcd.andeye.com/water-climate-next.html]
[wcd.andeye.com/cop26live.html]
[wcd.andeye.com/cop26finance/report.html]
[wcd.andeye.com/cop26transport/report.html]
[wcd.andeye.com/cop26energy/report.html]
[wcd.andeye.com/cop26nature/report.html]
[wcd.andeye.com/cop26adaptation/report.html]
[wcd.andeye.com/GET.html]
[wcd.andeye.com/ResidualChlorine-2.html]
[www.andeye.com/terms/index.html]
[wcd.andeye.com/LinkedInComments.html]
[wcd.andeye.com/WaterClimateDiscussion-3.html]
[wcd.andeye.com/images/logo.html]
[interactive.andeye.com/sharedtree/61a62c20f2eff838962e7ffa.html]
[wcd.andeye.com/login-with-linkedin.html]
[wcd.andeye.com/images/GrowChat.svg]
[wcd.andeye.com/images/SlimChat.svg]
[wcd.andeye.com/images/HideChat-purple.svg]
[isle.andeye.com/images/ShowChatRollover.svg]
[interactive.andeye.com/sharedtree/6170d09d80a6781baca9bf6b82b8.html]
[wcd.andeye.com/call-to-action-translated.html]
[wcd.andeye.com/cdn-cgi/l/email-protection.html]
[interactive.andeye.com/sharedtree/619cc903f2eff838962e7ff582b8.html]
[interactive.andeye.com/sharedtree/61816f8d3e206329c6c6ebed.html]
[interactive.andeye.com/sharedtree/618dd858e5853136a5ae921682b8.html]
[videoask-api-wsgi.prod.svc.cluster.local/oembed6434]
