[wcd.andeye.com/waterclimatediscussion.html]
[wcd.andeye.com/images/apple-touch-icon.png]
[wcd.andeye.com/favicon-32x32.png]
[wcd.andeye.com/favicon-16x16.png]
[backblue.gif]
[fade.gif]
[index.html]
[wcd.andeye.com/css/mainab81.css]
[wcd.andeye.com/js/logjserror0864.js]
[wcd.andeye.com/js/minnitpage5c65.js]
[wcd.andeye.com/wcd2024.html]
[wcd.andeye.com/2044/report.pdf]
[wcd.andeye.com/2024/report.pdf]
[wcd.andeye.com/MWHT-Platinum-Sponsor.html]
[wcd.andeye.com/wcd2022/report.pdf]
[wcd.andeye.com/WCD2022.html]
[wcd.andeye.com/WaterClimateDiscussion-2.html]
[wcd.andeye.com/WCD2022/report.pdf]
[wcd.andeye.com/wcd-next.html]
[wcd.andeye.com/water-climate-hierarchy.html]
[wcd.andeye.com/call-to-action.html]
[wcd.andeye.com/actionpledges.html]
[wcd.andeye.com/call-to-action/report.pdf]
[wcd.andeye.com/water-climate-next.html]
[wcd.andeye.com/cop26live.html]
[wcd.andeye.com/cop26finance/report.pdf]
[wcd.andeye.com/cop26transport/report.pdf]
[wcd.andeye.com/cop26energy/report.pdf]
[wcd.andeye.com/cop26nature/report.pdf]
[wcd.andeye.com/cop26adaptation/report.pdf]
[wcd.andeye.com/GET]
[wcd.andeye.com/waterclimatediscussion.html]
[wcd.andeye.com/images/logo.svg]
[wcd.andeye.com/css/mainab81.css]
[wcd.andeye.com/wcd2024.html]
[wcd.andeye.com/2044/report.html]
[wcd.andeye.com/2024/report.html]
[wcd.andeye.com/MWHT-Platinum-Sponsor.html]
[wcd.andeye.com/wcd2022/report.html]
[wcd.andeye.com/WaterClimateDiscussion-3.html]
[wcd.andeye.com/WCD2022.html]
[wcd.andeye.com/WaterClimateDiscussion-2.html]
[wcd.andeye.com/WCD2022/report-2.html]
[wcd.andeye.com/LinkedInComments.html]
[wcd.andeye.com/apple-touch-icon.png]
[wcd.andeye.com/site.webmanifest]
[wcd.andeye.com/login-with-linkedin.html]
[wcd.andeye.com/images/GrowChat.svg]
[wcd.andeye.com/images/SlimChat.svg]
[wcd.andeye.com/images/HideChat-purple.svg]
[wcd.andeye.com/wcd-next.html]
[wcd.andeye.com/water-climate-hierarchy.html]
[wcd.andeye.com/call-to-action.html]
[wcd.andeye.com/call-to-action-translated.html]
[wcd.andeye.com/cdn-cgi/l/email-protection]
[wcd.andeye.com/cdn-cgi/scripts/5c5dd728/cloudflare-static/email-decode.min.js]
[wcd.andeye.com/actionpledges.html]
[wcd.andeye.com/call-to-action/report.html]
[wcd.andeye.com/water-climate-next.html]
[wcd.andeye.com/cop26live.html]
[wcd.andeye.com/cop26finance/report.html]
[wcd.andeye.com/cop26transport/report.html]
[wcd.andeye.com/cop26energy/report.html]
[wcd.andeye.com/cop26nature/report.html]
[wcd.andeye.com/cop26adaptation/report.html]
[wcd.andeye.com/GET.html]
[wcd.andeye.com/images/logo.html]
[wcd.andeye.com/WaterClimateDiscussion-3.html]
[wcd.andeye.com/LinkedInComments.html]
[wcd.andeye.com/login-with-linkedin.html]
[wcd.andeye.com/images/GrowChat.svg]
[wcd.andeye.com/images/SlimChat.svg]
[wcd.andeye.com/images/HideChat-purple.svg]
[wcd.andeye.com/call-to-action-translated.html]
[wcd.andeye.com/cdn-cgi/l/email-protection.html]
